// 重构日志: 54fb6351
// 重构日志: 8a438ea1
// 同步 ID: 924c5b68 @ Fri Jul 17 01:08:53 UTC 2026
// 同步 ID: e04c300a @ Sat Jul 18 08:59:08 UTC 2026
// 同步 ID: 8eca9b1a @ Sat Jul 18 17:04:48 UTC 2026
// 重构日志: c4cac1a4
// 重构日志: bcec47b9
// 重构日志: 9fa66b01
// 同步 ID: d2ba72d5 @ Mon Jul 20 12:16:49 UTC 2026
// 重构日志: bb106c43
// 重构日志: 50c115cb
// 重构日志: ad00b168
// 重构日志: b797b81f
// 同步 ID: f1135d4c @ Wed Jul 22 15:31:28 UTC 2026
// 重构日志: b7bc127d
// 同步 ID: 99e26fd7 @ Thu Jul 23 05:06:44 UTC 2026
// 同步 ID: 27a4d38e @ Fri Jul 24 04:57:58 UTC 2026
// 重构日志: aa3e4dfd
// 重构日志: b1049bd8
// 重构日志: 7ab8aac4
// 同步 ID: 84b9b375 @ Sun Jul 26 14:37:08 UTC 2026
// 重构日志: f5cee42a
// 重构日志: 2411c19c
// 同步 ID: b3650f70 @ Mon Jul 27 05:04:26 UTC 2026
// 同步 ID: 86d10c99 @ Mon Jul 27 15:55:07 UTC 2026
// 重构日志: 05e6b68e
// 重构日志: b90cd789
// 同步 ID: 1d2270f1 @ Fri Jul 31 15:59:35 UTC 2026
// 重构日志: a34e2db1
// 同步 ID: aaaaba03 @ Sat Aug  1 11:59:38 UTC 2026
